[0.745s] Invoking command in '/home/me597/ME597/lab_1/75/task_2': PYTHONPATH=/home/me597/ME597/lab_1/75/build/task_2/prefix_override:/usr/lib/python3/dist-packages/colcon_core/task/python/colcon_distutils_commands:/home/me597/ME597/lab_1/75/install/task_2/lib/python3.10/site-packages:${PYTHONPATH} /usr/bin/python3 -W ignore:setup.py install is deprecated -W ignore:easy_install command is deprecated setup.py egg_info --egg-base ../build/task_2 build --build-base /home/me597/ME597/lab_1/75/build/task_2/build install --record /home/me597/ME597/lab_1/75/build/task_2/install.log --install-scripts $base/lib/task_2 --single-version-externally-managed install_data
[0.918s] running egg_info
[0.919s] writing ../build/task_2/task_2.egg-info/PKG-INFO
[0.919s] writing dependency_links to ../build/task_2/task_2.egg-info/dependency_links.txt
[0.920s] writing entry points to ../build/task_2/task_2.egg-info/entry_points.txt
[0.920s] writing requirements to ../build/task_2/task_2.egg-info/requires.txt
[0.921s] writing top-level names to ../build/task_2/task_2.egg-info/top_level.txt
[0.922s] reading manifest file '../build/task_2/task_2.egg-info/SOURCES.txt'
[0.923s] adding license file 'LICENSE'
[0.923s] writing manifest file '../build/task_2/task_2.egg-info/SOURCES.txt'
[0.924s] running build
[0.924s] running build_py
[0.924s] running install
[0.925s] running install_lib
[0.926s] running install_data
[0.926s] running install_egg_info
[0.927s] removing '/home/me597/ME597/lab_1/75/install/task_2/lib/python3.10/site-packages/task_2-0.0.0-py3.10.egg-info' (and everything under it)
[0.929s] Copying ../build/task_2/task_2.egg-info to /home/me597/ME597/lab_1/75/install/task_2/lib/python3.10/site-packages/task_2-0.0.0-py3.10.egg-info
[0.929s] running install_scripts
[0.953s] writing list of installed files to '/home/me597/ME597/lab_1/75/build/task_2/install.log'
[0.991s] Invoked command in '/home/me597/ME597/lab_1/75/task_2' returned '0': PYTHONPATH=/home/me597/ME597/lab_1/75/build/task_2/prefix_override:/usr/lib/python3/dist-packages/colcon_core/task/python/colcon_distutils_commands:/home/me597/ME597/lab_1/75/install/task_2/lib/python3.10/site-packages:${PYTHONPATH} /usr/bin/python3 -W ignore:setup.py install is deprecated -W ignore:easy_install command is deprecated setup.py egg_info --egg-base ../build/task_2 build --build-base /home/me597/ME597/lab_1/75/build/task_2/build install --record /home/me597/ME597/lab_1/75/build/task_2/install.log --install-scripts $base/lib/task_2 --single-version-externally-managed install_data
