[1.153s] Invoking command in '/home/me597/ME597/lab_1/75/task_2': PYTHONPATH=/home/me597/ME597/lab_1/75/build/task_2/prefix_override:/usr/lib/python3/dist-packages/colcon_core/task/python/colcon_distutils_commands:/home/me597/ME597/lab_1/75/install/task_2/lib/python3.10/site-packages:${PYTHONPATH} /usr/bin/python3 -W ignore:setup.py install is deprecated -W ignore:easy_install command is deprecated setup.py egg_info --egg-base ../build/task_2 build --build-base /home/me597/ME597/lab_1/75/build/task_2/build install --record /home/me597/ME597/lab_1/75/build/task_2/install.log --install-scripts $base/lib/task_2 --single-version-externally-managed install_data
[1.358s] running egg_info
[1.359s] writing ../build/task_2/task_2.egg-info/PKG-INFO
[1.359s] writing dependency_links to ../build/task_2/task_2.egg-info/dependency_links.txt
[1.359s] writing entry points to ../build/task_2/task_2.egg-info/entry_points.txt
[1.360s] writing requirements to ../build/task_2/task_2.egg-info/requires.txt
[1.360s] writing top-level names to ../build/task_2/task_2.egg-info/top_level.txt
[1.362s] reading manifest file '../build/task_2/task_2.egg-info/SOURCES.txt'
[1.363s] adding license file 'LICENSE'
[1.364s] writing manifest file '../build/task_2/task_2.egg-info/SOURCES.txt'
[1.364s] running build
[1.364s] running build_py
[1.364s] running install
[1.365s] running install_lib
[1.366s] running install_data
[1.367s] running install_egg_info
[1.367s] removing '/home/me597/ME597/lab_1/75/install/task_2/lib/python3.10/site-packages/task_2-0.0.0-py3.10.egg-info' (and everything under it)
[1.368s] Copying ../build/task_2/task_2.egg-info to /home/me597/ME597/lab_1/75/install/task_2/lib/python3.10/site-packages/task_2-0.0.0-py3.10.egg-info
[1.369s] running install_scripts
[1.395s] writing list of installed files to '/home/me597/ME597/lab_1/75/build/task_2/install.log'
[1.419s] Invoked command in '/home/me597/ME597/lab_1/75/task_2' returned '0': PYTHONPATH=/home/me597/ME597/lab_1/75/build/task_2/prefix_override:/usr/lib/python3/dist-packages/colcon_core/task/python/colcon_distutils_commands:/home/me597/ME597/lab_1/75/install/task_2/lib/python3.10/site-packages:${PYTHONPATH} /usr/bin/python3 -W ignore:setup.py install is deprecated -W ignore:easy_install command is deprecated setup.py egg_info --egg-base ../build/task_2 build --build-base /home/me597/ME597/lab_1/75/build/task_2/build install --record /home/me597/ME597/lab_1/75/build/task_2/install.log --install-scripts $base/lib/task_2 --single-version-externally-managed install_data
