[1.125s] Invoking command in '/home/me597/ME597/lab_1/75/task_1': PYTHONPATH=/home/me597/ME597/lab_1/75/build/task_1/prefix_override:/usr/lib/python3/dist-packages/colcon_core/task/python/colcon_distutils_commands:/home/me597/ME597/lab_1/75/install/task_1/lib/python3.10/site-packages:${PYTHONPATH} /usr/bin/python3 -W ignore:setup.py install is deprecated -W ignore:easy_install command is deprecated setup.py egg_info --egg-base ../build/task_1 build --build-base /home/me597/ME597/lab_1/75/build/task_1/build install --record /home/me597/ME597/lab_1/75/build/task_1/install.log --install-scripts $base/lib/task_1 --single-version-externally-managed install_data
[1.357s] running egg_info
[1.358s] writing ../build/task_1/task_1.egg-info/PKG-INFO
[1.358s] writing dependency_links to ../build/task_1/task_1.egg-info/dependency_links.txt
[1.358s] writing entry points to ../build/task_1/task_1.egg-info/entry_points.txt
[1.359s] writing requirements to ../build/task_1/task_1.egg-info/requires.txt
[1.359s] writing top-level names to ../build/task_1/task_1.egg-info/top_level.txt
[1.360s] reading manifest file '../build/task_1/task_1.egg-info/SOURCES.txt'
[1.368s] adding license file 'LICENSE'
[1.368s] writing manifest file '../build/task_1/task_1.egg-info/SOURCES.txt'
[1.370s] running build
[1.370s] running build_py
[1.370s] running install
[1.371s] running install_lib
[1.371s] running install_data
[1.371s] creating /home/me597/ME597/lab_1/75/install/task_1/share/task_1/launch
[1.371s] copying launch/pub_sub_launch.py -> /home/me597/ME597/lab_1/75/install/task_1/share/task_1/launch
[1.371s] running install_egg_info
[1.372s] removing '/home/me597/ME597/lab_1/75/install/task_1/lib/python3.10/site-packages/task_1-0.0.0-py3.10.egg-info' (and everything under it)
[1.373s] Copying ../build/task_1/task_1.egg-info to /home/me597/ME597/lab_1/75/install/task_1/lib/python3.10/site-packages/task_1-0.0.0-py3.10.egg-info
[1.374s] running install_scripts
[1.392s] Installing listener script to /home/me597/ME597/lab_1/75/install/task_1/lib/task_1
[1.393s] Installing talker script to /home/me597/ME597/lab_1/75/install/task_1/lib/task_1
[1.393s] writing list of installed files to '/home/me597/ME597/lab_1/75/build/task_1/install.log'
[1.419s] Invoked command in '/home/me597/ME597/lab_1/75/task_1' returned '0': PYTHONPATH=/home/me597/ME597/lab_1/75/build/task_1/prefix_override:/usr/lib/python3/dist-packages/colcon_core/task/python/colcon_distutils_commands:/home/me597/ME597/lab_1/75/install/task_1/lib/python3.10/site-packages:${PYTHONPATH} /usr/bin/python3 -W ignore:setup.py install is deprecated -W ignore:easy_install command is deprecated setup.py egg_info --egg-base ../build/task_1 build --build-base /home/me597/ME597/lab_1/75/build/task_1/build install --record /home/me597/ME597/lab_1/75/build/task_1/install.log --install-scripts $base/lib/task_1 --single-version-externally-managed install_data
