[0.379s] Invoking command in '/home/me597/ME597/lab_1/75/task_1': PYTHONPATH=/home/me597/ME597/lab_1/75/build/task_1/prefix_override:/usr/lib/python3/dist-packages/colcon_core/task/python/colcon_distutils_commands:/home/me597/ME597/lab_1/75/install/task_1/lib/python3.10/site-packages:${PYTHONPATH} /usr/bin/python3 -W ignore:setup.py install is deprecated -W ignore:easy_install command is deprecated setup.py egg_info --egg-base ../build/task_1 build --build-base /home/me597/ME597/lab_1/75/build/task_1/build install --record /home/me597/ME597/lab_1/75/build/task_1/install.log --install-scripts $base/lib/task_1 --single-version-externally-managed install_data
[0.523s] running egg_info
[0.523s] writing ../build/task_1/task_1.egg-info/PKG-INFO
[0.524s] writing dependency_links to ../build/task_1/task_1.egg-info/dependency_links.txt
[0.527s] writing entry points to ../build/task_1/task_1.egg-info/entry_points.txt
[0.527s] writing requirements to ../build/task_1/task_1.egg-info/requires.txt
[0.528s] writing top-level names to ../build/task_1/task_1.egg-info/top_level.txt
[0.528s] reading manifest file '../build/task_1/task_1.egg-info/SOURCES.txt'
[0.528s] adding license file 'LICENSE'
[0.528s] writing manifest file '../build/task_1/task_1.egg-info/SOURCES.txt'
[0.528s] running build
[0.528s] running build_py
[0.528s] copying task_1/__init__.py -> /home/me597/ME597/lab_1/75/build/task_1/build/lib/task_1
[0.528s] running install
[0.530s] running install_lib
[0.530s] copying /home/me597/ME597/lab_1/75/build/task_1/build/lib/task_1/__init__.py -> /home/me597/ME597/lab_1/75/install/task_1/lib/python3.10/site-packages/task_1
[0.531s] byte-compiling /home/me597/ME597/lab_1/75/install/task_1/lib/python3.10/site-packages/task_1/__init__.py to __init__.cpython-310.pyc
[0.532s] running install_data
[0.532s] copying package.xml -> /home/me597/ME597/lab_1/75/install/task_1/share/task_1
[0.532s] running install_egg_info
[0.534s] removing '/home/me597/ME597/lab_1/75/install/task_1/lib/python3.10/site-packages/task_1-0.0.0-py3.10.egg-info' (and everything under it)
[0.538s] Copying ../build/task_1/task_1.egg-info to /home/me597/ME597/lab_1/75/install/task_1/lib/python3.10/site-packages/task_1-0.0.0-py3.10.egg-info
[0.538s] running install_scripts
[0.555s] Installing listener script to /home/me597/ME597/lab_1/75/install/task_1/lib/task_1
[0.557s] Installing talker script to /home/me597/ME597/lab_1/75/install/task_1/lib/task_1
[0.557s] writing list of installed files to '/home/me597/ME597/lab_1/75/build/task_1/install.log'
[0.592s] Invoked command in '/home/me597/ME597/lab_1/75/task_1' returned '0': PYTHONPATH=/home/me597/ME597/lab_1/75/build/task_1/prefix_override:/usr/lib/python3/dist-packages/colcon_core/task/python/colcon_distutils_commands:/home/me597/ME597/lab_1/75/install/task_1/lib/python3.10/site-packages:${PYTHONPATH} /usr/bin/python3 -W ignore:setup.py install is deprecated -W ignore:easy_install command is deprecated setup.py egg_info --egg-base ../build/task_1 build --build-base /home/me597/ME597/lab_1/75/build/task_1/build install --record /home/me597/ME597/lab_1/75/build/task_1/install.log --install-scripts $base/lib/task_1 --single-version-externally-managed install_data
