[0.438s] Invoking command in '/home/me597/ME597/lab_1/75/task_1': PYTHONPATH=/home/me597/ME597/lab_1/75/build/task_1/prefix_override:/usr/lib/python3/dist-packages/colcon_core/task/python/colcon_distutils_commands:/home/me597/ME597/lab_1/75/install/task_1/lib/python3.10/site-packages:${PYTHONPATH} /usr/bin/python3 -W ignore:setup.py install is deprecated -W ignore:easy_install command is deprecated setup.py egg_info --egg-base ../build/task_1 build --build-base /home/me597/ME597/lab_1/75/build/task_1/build install --record /home/me597/ME597/lab_1/75/build/task_1/install.log --install-scripts $base/lib/task_1 --single-version-externally-managed install_data
[0.570s] running egg_info
[0.570s] creating ../build/task_1/task_1.egg-info
[0.570s] writing ../build/task_1/task_1.egg-info/PKG-INFO
[0.570s] writing dependency_links to ../build/task_1/task_1.egg-info/dependency_links.txt
[0.570s] writing entry points to ../build/task_1/task_1.egg-info/entry_points.txt
[0.570s] writing requirements to ../build/task_1/task_1.egg-info/requires.txt
[0.571s] writing top-level names to ../build/task_1/task_1.egg-info/top_level.txt
[0.571s] writing manifest file '../build/task_1/task_1.egg-info/SOURCES.txt'
[0.571s] reading manifest file '../build/task_1/task_1.egg-info/SOURCES.txt'
[0.571s] adding license file 'LICENSE'
[0.572s] writing manifest file '../build/task_1/task_1.egg-info/SOURCES.txt'
[0.572s] running build
[0.572s] running build_py
[0.572s] creating /home/me597/ME597/lab_1/75/build/task_1/build
[0.572s] creating /home/me597/ME597/lab_1/75/build/task_1/build/lib
[0.572s] creating /home/me597/ME597/lab_1/75/build/task_1/build/lib/task_1
[0.572s] copying task_1/__init__.py -> /home/me597/ME597/lab_1/75/build/task_1/build/lib/task_1
[0.573s] running install
[0.573s] running install_lib
[0.573s] creating /home/me597/ME597/lab_1/75/install/task_1/lib/python3.10/site-packages/task_1
[0.573s] copying /home/me597/ME597/lab_1/75/build/task_1/build/lib/task_1/__init__.py -> /home/me597/ME597/lab_1/75/install/task_1/lib/python3.10/site-packages/task_1
[0.573s] byte-compiling /home/me597/ME597/lab_1/75/install/task_1/lib/python3.10/site-packages/task_1/__init__.py to __init__.cpython-310.pyc
[0.573s] running install_data
[0.573s] creating /home/me597/ME597/lab_1/75/install/task_1/share/ament_index
[0.574s] creating /home/me597/ME597/lab_1/75/install/task_1/share/ament_index/resource_index
[0.574s] creating /home/me597/ME597/lab_1/75/install/task_1/share/ament_index/resource_index/packages
[0.574s] copying resource/task_1 -> /home/me597/ME597/lab_1/75/install/task_1/share/ament_index/resource_index/packages
[0.574s] copying package.xml -> /home/me597/ME597/lab_1/75/install/task_1/share/task_1
[0.574s] running install_egg_info
[0.575s] Copying ../build/task_1/task_1.egg-info to /home/me597/ME597/lab_1/75/install/task_1/lib/python3.10/site-packages/task_1-0.0.0-py3.10.egg-info
[0.577s] running install_scripts
[0.588s] writing list of installed files to '/home/me597/ME597/lab_1/75/build/task_1/install.log'
[0.604s] Invoked command in '/home/me597/ME597/lab_1/75/task_1' returned '0': PYTHONPATH=/home/me597/ME597/lab_1/75/build/task_1/prefix_override:/usr/lib/python3/dist-packages/colcon_core/task/python/colcon_distutils_commands:/home/me597/ME597/lab_1/75/install/task_1/lib/python3.10/site-packages:${PYTHONPATH} /usr/bin/python3 -W ignore:setup.py install is deprecated -W ignore:easy_install command is deprecated setup.py egg_info --egg-base ../build/task_1 build --build-base /home/me597/ME597/lab_1/75/build/task_1/build install --record /home/me597/ME597/lab_1/75/build/task_1/install.log --install-scripts $base/lib/task_1 --single-version-externally-managed install_data
