[0.391s] Invoking command in '/home/me597/ME597/lab_1/75/task_1': PYTHONPATH=/home/me597/ME597/lab_1/75/build/task_1/prefix_override:/usr/lib/python3/dist-packages/colcon_core/task/python/colcon_distutils_commands:/home/me597/ME597/lab_1/75/install/task_1/lib/python3.10/site-packages:${PYTHONPATH} /usr/bin/python3 -W ignore:setup.py install is deprecated -W ignore:easy_install command is deprecated setup.py egg_info --egg-base ../build/task_1 build --build-base /home/me597/ME597/lab_1/75/build/task_1/build install --record /home/me597/ME597/lab_1/75/build/task_1/install.log --install-scripts $base/lib/task_1 --single-version-externally-managed install_data
[0.532s] running egg_info
[0.532s] writing ../build/task_1/task_1.egg-info/PKG-INFO
[0.532s] writing dependency_links to ../build/task_1/task_1.egg-info/dependency_links.txt
[0.532s] writing entry points to ../build/task_1/task_1.egg-info/entry_points.txt
[0.532s] writing requirements to ../build/task_1/task_1.egg-info/requires.txt
[0.532s] writing top-level names to ../build/task_1/task_1.egg-info/top_level.txt
[0.535s] reading manifest file '../build/task_1/task_1.egg-info/SOURCES.txt'
[0.535s] adding license file 'LICENSE'
[0.535s] writing manifest file '../build/task_1/task_1.egg-info/SOURCES.txt'
[0.535s] running build
[0.535s] running build_py
[0.535s] copying task_1/task_1_sub.py -> /home/me597/ME597/lab_1/75/build/task_1/build/lib/task_1
[0.536s] running install
[0.536s] running install_lib
[0.536s] copying /home/me597/ME597/lab_1/75/build/task_1/build/lib/task_1/task_1_sub.py -> /home/me597/ME597/lab_1/75/install/task_1/lib/python3.10/site-packages/task_1
[0.538s] byte-compiling /home/me597/ME597/lab_1/75/install/task_1/lib/python3.10/site-packages/task_1/task_1_sub.py to task_1_sub.cpython-310.pyc
[0.538s] running install_data
[0.540s] running install_egg_info
[0.543s] removing '/home/me597/ME597/lab_1/75/install/task_1/lib/python3.10/site-packages/task_1-0.0.0-py3.10.egg-info' (and everything under it)
[0.547s] Copying ../build/task_1/task_1.egg-info to /home/me597/ME597/lab_1/75/install/task_1/lib/python3.10/site-packages/task_1-0.0.0-py3.10.egg-info
[0.548s] running install_scripts
[0.561s] Installing listener script to /home/me597/ME597/lab_1/75/install/task_1/lib/task_1
[0.564s] Installing talker script to /home/me597/ME597/lab_1/75/install/task_1/lib/task_1
[0.564s] writing list of installed files to '/home/me597/ME597/lab_1/75/build/task_1/install.log'
[0.579s] Invoked command in '/home/me597/ME597/lab_1/75/task_1' returned '0': PYTHONPATH=/home/me597/ME597/lab_1/75/build/task_1/prefix_override:/usr/lib/python3/dist-packages/colcon_core/task/python/colcon_distutils_commands:/home/me597/ME597/lab_1/75/install/task_1/lib/python3.10/site-packages:${PYTHONPATH} /usr/bin/python3 -W ignore:setup.py install is deprecated -W ignore:easy_install command is deprecated setup.py egg_info --egg-base ../build/task_1 build --build-base /home/me597/ME597/lab_1/75/build/task_1/build install --record /home/me597/ME597/lab_1/75/build/task_1/install.log --install-scripts $base/lib/task_1 --single-version-externally-managed install_data
