[0.278s] DEBUG:colcon:Command line arguments: ['/usr/bin/colcon', 'build']
[0.278s] DEBUG:colcon:Parsed command line arguments: Namespace(log_base=None, log_level=None, verb_name='build', build_base='build', install_base='install', merge_install=False, symlink_install=False, test_result_base=None, continue_on_error=False, executor='parallel', parallel_workers=2, event_handlers=None, ignore_user_meta=False, metas=['./colcon.meta'], base_paths=['.'], packages_ignore=None, packages_ignore_regex=None, paths=None, packages_up_to=None, packages_up_to_regex=None, packages_above=None, packages_above_and_dependencies=None, packages_above_depth=None, packages_select_by_dep=None, packages_skip_by_dep=None, packages_skip_up_to=None, packages_select_build_failed=False, packages_skip_build_finished=False, packages_select_test_failures=False, packages_skip_test_passed=False, packages_select=None, packages_skip=None, packages_select_regex=None, packages_skip_regex=None, packages_start=None, packages_end=None, allow_overriding=[], cmake_args=None, cmake_target=None, cmake_target_skip_unavailable=False, cmake_clean_cache=False, cmake_clean_first=False, cmake_force_configure=False, ament_cmake_args=None, catkin_cmake_args=None, catkin_skip_building_tests=False, mixin_files=None, mixin=None, verb_parser=<colcon_mixin.mixin.mixin_argument.MixinArgumentDecorator object at 0x73d9bd7656f0>, verb_extension=<colcon_core.verb.build.BuildVerb object at 0x73d9bd765150>, main=<bound method BuildVerb.main of <colcon_core.verb.build.BuildVerb object at 0x73d9bd765150>>, mixin_verb=('build',))
[0.622s] Level 1:colcon.colcon_core.package_discovery:discover_packages(colcon_meta) check parameters
[0.623s] Level 1:colcon.colcon_core.package_discovery:discover_packages(recursive) check parameters
[0.623s] Level 1:colcon.colcon_core.package_discovery:discover_packages(ignore) check parameters
[0.623s] Level 1:colcon.colcon_core.package_discovery:discover_packages(path) check parameters
[0.623s] Level 1:colcon.colcon_core.package_discovery:discover_packages(colcon_meta) discover
[0.623s] Level 1:colcon.colcon_core.package_discovery:discover_packages(recursive) discover
[0.623s] INFO:colcon.colcon_core.package_discovery:Crawling recursively for packages in '/home/me597/ME597/lab_1/75'
[0.623s] Level 1:colcon.colcon_core.package_identification:_identify(.) by extensions ['ignore', 'ignore_ament_install']
[0.623s] Level 1:colcon.colcon_core.package_identification:_identify(.) by extension 'ignore'
[0.623s] Level 1:colcon.colcon_core.package_identification:_identify(.) by extension 'ignore_ament_install'
[0.623s] Level 1:colcon.colcon_core.package_identification:_identify(.) by extensions ['colcon_pkg']
[0.623s] Level 1:colcon.colcon_core.package_identification:_identify(.) by extension 'colcon_pkg'
[0.623s] Level 1:colcon.colcon_core.package_identification:_identify(.) by extensions ['colcon_meta']
[0.623s] Level 1:colcon.colcon_core.package_identification:_identify(.) by extension 'colcon_meta'
[0.623s] Level 1:colcon.colcon_core.package_identification:_identify(.) by extensions ['ros']
[0.623s] Level 1:colcon.colcon_core.package_identification:_identify(.) by extension 'ros'
[0.640s] Level 1:colcon.colcon_core.package_identification:_identify(.) by extensions ['cmake', 'python']
[0.640s] Level 1:colcon.colcon_core.package_identification:_identify(.) by extension 'cmake'
[0.640s] Level 1:colcon.colcon_core.package_identification:_identify(.) by extension 'python'
[0.640s] Level 1:colcon.colcon_core.package_identification:_identify(.) by extensions ['python_setup_py']
[0.640s] Level 1:colcon.colcon_core.package_identification:_identify(.) by extension 'python_setup_py'
[0.640s] Level 1:colcon.colcon_core.package_identification:_identify(build) by extensions ['ignore', 'ignore_ament_install']
[0.640s] Level 1:colcon.colcon_core.package_identification:_identify(build) by extension 'ignore'
[0.640s] Level 1:colcon.colcon_core.package_identification:_identify(build) ignored
[0.640s] Level 1:colcon.colcon_core.package_identification:_identify(install) by extensions ['ignore', 'ignore_ament_install']
[0.640s] Level 1:colcon.colcon_core.package_identification:_identify(install) by extension 'ignore'
[0.640s] Level 1:colcon.colcon_core.package_identification:_identify(install) ignored
[0.641s] Level 1:colcon.colcon_core.package_identification:_identify(log) by extensions ['ignore', 'ignore_ament_install']
[0.641s] Level 1:colcon.colcon_core.package_identification:_identify(log) by extension 'ignore'
[0.641s] Level 1:colcon.colcon_core.package_identification:_identify(log) ignored
[0.641s] Level 1:colcon.colcon_core.package_identification:_identify(task_1) by extensions ['ignore', 'ignore_ament_install']
[0.641s] Level 1:colcon.colcon_core.package_identification:_identify(task_1) by extension 'ignore'
[0.642s] Level 1:colcon.colcon_core.package_identification:_identify(task_1) by extension 'ignore_ament_install'
[0.642s] Level 1:colcon.colcon_core.package_identification:_identify(task_1) by extensions ['colcon_pkg']
[0.642s] Level 1:colcon.colcon_core.package_identification:_identify(task_1) by extension 'colcon_pkg'
[0.642s] Level 1:colcon.colcon_core.package_identification:_identify(task_1) by extensions ['colcon_meta']
[0.642s] Level 1:colcon.colcon_core.package_identification:_identify(task_1) by extension 'colcon_meta'
[0.642s] Level 1:colcon.colcon_core.package_identification:_identify(task_1) by extensions ['ros']
[0.642s] Level 1:colcon.colcon_core.package_identification:_identify(task_1) by extension 'ros'
[0.647s] DEBUG:colcon.colcon_core.package_identification:Package 'task_1' with type 'ros.ament_python' and name 'task_1'
[0.647s] Level 1:colcon.colcon_core.package_identification:_identify(task_2) by extensions ['ignore', 'ignore_ament_install']
[0.647s] Level 1:colcon.colcon_core.package_identification:_identify(task_2) by extension 'ignore'
[0.648s] Level 1:colcon.colcon_core.package_identification:_identify(task_2) by extension 'ignore_ament_install'
[0.648s] Level 1:colcon.colcon_core.package_identification:_identify(task_2) by extensions ['colcon_pkg']
[0.648s] Level 1:colcon.colcon_core.package_identification:_identify(task_2) by extension 'colcon_pkg'
[0.648s] Level 1:colcon.colcon_core.package_identification:_identify(task_2) by extensions ['colcon_meta']
[0.648s] Level 1:colcon.colcon_core.package_identification:_identify(task_2) by extension 'colcon_meta'
[0.648s] Level 1:colcon.colcon_core.package_identification:_identify(task_2) by extensions ['ros']
[0.648s] Level 1:colcon.colcon_core.package_identification:_identify(task_2) by extension 'ros'
[0.648s] DEBUG:colcon.colcon_core.package_identification:Package 'task_2' with type 'ros.ament_python' and name 'task_2'
[0.648s] Level 1:colcon.colcon_core.package_discovery:discover_packages(recursive) using defaults
[0.648s] Level 1:colcon.colcon_core.package_discovery:discover_packages(ignore) discover
[0.649s] Level 1:colcon.colcon_core.package_discovery:discover_packages(ignore) using defaults
[0.649s] Level 1:colcon.colcon_core.package_discovery:discover_packages(path) discover
[0.649s] Level 1:colcon.colcon_core.package_discovery:discover_packages(path) using defaults
[0.704s] Level 1:colcon.colcon_core.package_discovery:discover_packages(prefix_path) check parameters
[0.704s] Level 1:colcon.colcon_core.package_discovery:discover_packages(prefix_path) discover
[0.711s] DEBUG:colcon.colcon_installed_package_information.package_discovery:Found 325 installed packages in /opt/ros/humble
[0.712s] Level 1:colcon.colcon_core.package_discovery:discover_packages(prefix_path) using defaults
[0.755s] Level 5:colcon.colcon_core.verb:set package 'task_1' build argument 'cmake_args' from command line to 'None'
[0.755s] Level 5:colcon.colcon_core.verb:set package 'task_1' build argument 'cmake_target' from command line to 'None'
[0.755s] Level 5:colcon.colcon_core.verb:set package 'task_1' build argument 'cmake_target_skip_unavailable' from command line to 'False'
[0.755s] Level 5:colcon.colcon_core.verb:set package 'task_1' build argument 'cmake_clean_cache' from command line to 'False'
[0.755s] Level 5:colcon.colcon_core.verb:set package 'task_1' build argument 'cmake_clean_first' from command line to 'False'
[0.755s] Level 5:colcon.colcon_core.verb:set package 'task_1' build argument 'cmake_force_configure' from command line to 'False'
[0.755s] Level 5:colcon.colcon_core.verb:set package 'task_1' build argument 'ament_cmake_args' from command line to 'None'
[0.755s] Level 5:colcon.colcon_core.verb:set package 'task_1' build argument 'catkin_cmake_args' from command line to 'None'
[0.755s] Level 5:colcon.colcon_core.verb:set package 'task_1' build argument 'catkin_skip_building_tests' from command line to 'False'
[0.755s] DEBUG:colcon.colcon_core.verb:Building package 'task_1' with the following arguments: {'ament_cmake_args': None, 'build_base': '/home/me597/ME597/lab_1/75/build/task_1', 'catkin_cmake_args': None, 'catkin_skip_building_tests': False, 'cmake_args': None, 'cmake_clean_cache': False, 'cmake_clean_first': False, 'cmake_force_configure': False, 'cmake_target': None, 'cmake_target_skip_unavailable': False, 'install_base': '/home/me597/ME597/lab_1/75/install/task_1', 'merge_install': False, 'path': '/home/me597/ME597/lab_1/75/task_1', 'symlink_install': False, 'test_result_base': None}
[0.755s] Level 5:colcon.colcon_core.verb:set package 'task_2' build argument 'cmake_args' from command line to 'None'
[0.755s] Level 5:colcon.colcon_core.verb:set package 'task_2' build argument 'cmake_target' from command line to 'None'
[0.755s] Level 5:colcon.colcon_core.verb:set package 'task_2' build argument 'cmake_target_skip_unavailable' from command line to 'False'
[0.755s] Level 5:colcon.colcon_core.verb:set package 'task_2' build argument 'cmake_clean_cache' from command line to 'False'
[0.755s] Level 5:colcon.colcon_core.verb:set package 'task_2' build argument 'cmake_clean_first' from command line to 'False'
[0.755s] Level 5:colcon.colcon_core.verb:set package 'task_2' build argument 'cmake_force_configure' from command line to 'False'
[0.755s] Level 5:colcon.colcon_core.verb:set package 'task_2' build argument 'ament_cmake_args' from command line to 'None'
[0.755s] Level 5:colcon.colcon_core.verb:set package 'task_2' build argument 'catkin_cmake_args' from command line to 'None'
[0.755s] Level 5:colcon.colcon_core.verb:set package 'task_2' build argument 'catkin_skip_building_tests' from command line to 'False'
[0.755s] DEBUG:colcon.colcon_core.verb:Building package 'task_2' with the following arguments: {'ament_cmake_args': None, 'build_base': '/home/me597/ME597/lab_1/75/build/task_2', 'catkin_cmake_args': None, 'catkin_skip_building_tests': False, 'cmake_args': None, 'cmake_clean_cache': False, 'cmake_clean_first': False, 'cmake_force_configure': False, 'cmake_target': None, 'cmake_target_skip_unavailable': False, 'install_base': '/home/me597/ME597/lab_1/75/install/task_2', 'merge_install': False, 'path': '/home/me597/ME597/lab_1/75/task_2', 'symlink_install': False, 'test_result_base': None}
[0.755s] INFO:colcon.colcon_core.executor:Executing jobs using 'parallel' executor
[0.758s] DEBUG:colcon.colcon_parallel_executor.executor.parallel:run_until_complete
[0.758s] INFO:colcon.colcon_ros.task.ament_python.build:Building ROS package in '/home/me597/ME597/lab_1/75/task_1' with build type 'ament_python'
[0.758s] Level 1:colcon.colcon_core.shell:create_environment_hook('task_1', 'ament_prefix_path')
[0.765s] INFO:colcon.colcon_core.plugin_system:Skipping extension 'colcon_core.shell.bat': Not used on non-Windows systems
[0.765s] INFO:colcon.colcon_core.shell:Creating environment hook '/home/me597/ME597/lab_1/75/install/task_1/share/task_1/hook/ament_prefix_path.ps1'
[0.767s] INFO:colcon.colcon_core.shell:Creating environment descriptor '/home/me597/ME597/lab_1/75/install/task_1/share/task_1/hook/ament_prefix_path.dsv'
[0.769s] INFO:colcon.colcon_core.shell:Creating environment hook '/home/me597/ME597/lab_1/75/install/task_1/share/task_1/hook/ament_prefix_path.sh'
[0.771s] INFO:colcon.colcon_core.shell:Skip shell extension 'powershell' for command environment: Not usable outside of PowerShell
[0.771s] DEBUG:colcon.colcon_core.shell:Skip shell extension 'dsv' for command environment
[0.778s] INFO:colcon.colcon_ros.task.ament_python.build:Building ROS package in '/home/me597/ME597/lab_1/75/task_2' with build type 'ament_python'
[0.779s] Level 1:colcon.colcon_core.shell:create_environment_hook('task_2', 'ament_prefix_path')
[0.779s] INFO:colcon.colcon_core.shell:Creating environment hook '/home/me597/ME597/lab_1/75/install/task_2/share/task_2/hook/ament_prefix_path.ps1'
[0.781s] INFO:colcon.colcon_core.shell:Creating environment descriptor '/home/me597/ME597/lab_1/75/install/task_2/share/task_2/hook/ament_prefix_path.dsv'
[0.781s] INFO:colcon.colcon_core.shell:Creating environment hook '/home/me597/ME597/lab_1/75/install/task_2/share/task_2/hook/ament_prefix_path.sh'
[0.782s] INFO:colcon.colcon_core.shell:Skip shell extension 'powershell' for command environment: Not usable outside of PowerShell
[0.782s] DEBUG:colcon.colcon_core.shell:Skip shell extension 'dsv' for command environment
[1.144s] INFO:colcon.colcon_core.task.python.build:Building Python package in '/home/me597/ME597/lab_1/75/task_1'
[1.144s] INFO:colcon.colcon_core.shell:Skip shell extension 'powershell' for command environment: Not usable outside of PowerShell
[1.144s] DEBUG:colcon.colcon_core.shell:Skip shell extension 'dsv' for command environment
[1.432s] INFO:colcon.colcon_core.task.python.build:Building Python package in '/home/me597/ME597/lab_1/75/task_2'
[1.433s] INFO:colcon.colcon_core.shell:Skip shell extension 'powershell' for command environment: Not usable outside of PowerShell
[1.433s] DEBUG:colcon.colcon_core.shell:Skip shell extension 'dsv' for command environment
[1.881s] DEBUG:colcon.colcon_core.task.python.build:Available setuptools commands: install, develop, install_lib, saveopts, upload, build_ext, sdist, build_scripts, build_py, rotate, install_egg_info, bdist_rpm, build_clib, install_headers, bdist_egg, clean, symlink_data, setopt, alias, dist_info, egg_info, easy_install, check, upload_docs, build, install_data, bdist_dumb, test, install_scripts, register, bdist_wheel, bdist
[1.884s] DEBUG:colcon.colcon_core.event_handler.log_command:Invoking command in '/home/me597/ME597/lab_1/75/task_1': PYTHONPATH=/home/me597/ME597/lab_1/75/build/task_1/prefix_override:/usr/lib/python3/dist-packages/colcon_core/task/python/colcon_distutils_commands:/home/me597/ME597/lab_1/75/install/task_1/lib/python3.10/site-packages:${PYTHONPATH} /usr/bin/python3 -W ignore:setup.py install is deprecated -W ignore:easy_install command is deprecated setup.py egg_info --egg-base ../build/task_1 build --build-base /home/me597/ME597/lab_1/75/build/task_1/build install --record /home/me597/ME597/lab_1/75/build/task_1/install.log --install-scripts $base/lib/task_1 --single-version-externally-managed install_data
[1.930s] DEBUG:colcon.colcon_core.task.python.build:Available setuptools commands: install, develop, install_lib, saveopts, upload, build_ext, sdist, build_scripts, build_py, rotate, install_egg_info, bdist_rpm, build_clib, install_headers, bdist_egg, clean, symlink_data, setopt, alias, dist_info, egg_info, easy_install, check, upload_docs, build, install_data, bdist_dumb, test, install_scripts, register, bdist_wheel, bdist
[1.932s] DEBUG:colcon.colcon_core.event_handler.log_command:Invoking command in '/home/me597/ME597/lab_1/75/task_2': PYTHONPATH=/home/me597/ME597/lab_1/75/build/task_2/prefix_override:/usr/lib/python3/dist-packages/colcon_core/task/python/colcon_distutils_commands:/home/me597/ME597/lab_1/75/install/task_2/lib/python3.10/site-packages:${PYTHONPATH} /usr/bin/python3 -W ignore:setup.py install is deprecated -W ignore:easy_install command is deprecated setup.py egg_info --egg-base ../build/task_2 build --build-base /home/me597/ME597/lab_1/75/build/task_2/build install --record /home/me597/ME597/lab_1/75/build/task_2/install.log --install-scripts $base/lib/task_2 --single-version-externally-managed install_data
[2.177s] DEBUG:colcon.colcon_core.event_handler.log_command:Invoked command in '/home/me597/ME597/lab_1/75/task_1' returned '0': PYTHONPATH=/home/me597/ME597/lab_1/75/build/task_1/prefix_override:/usr/lib/python3/dist-packages/colcon_core/task/python/colcon_distutils_commands:/home/me597/ME597/lab_1/75/install/task_1/lib/python3.10/site-packages:${PYTHONPATH} /usr/bin/python3 -W ignore:setup.py install is deprecated -W ignore:easy_install command is deprecated setup.py egg_info --egg-base ../build/task_1 build --build-base /home/me597/ME597/lab_1/75/build/task_1/build install --record /home/me597/ME597/lab_1/75/build/task_1/install.log --install-scripts $base/lib/task_1 --single-version-externally-managed install_data
[2.185s] Level 1:colcon.colcon_core.environment:checking '/home/me597/ME597/lab_1/75/install/task_1' for CMake module files
[2.186s] Level 1:colcon.colcon_core.environment:checking '/home/me597/ME597/lab_1/75/install/task_1' for CMake config files
[2.186s] Level 1:colcon.colcon_core.environment:checking '/home/me597/ME597/lab_1/75/install/task_1/lib'
[2.186s] Level 1:colcon.colcon_core.environment:checking '/home/me597/ME597/lab_1/75/install/task_1/bin'
[2.187s] Level 1:colcon.colcon_core.environment:checking '/home/me597/ME597/lab_1/75/install/task_1/lib/pkgconfig/task_1.pc'
[2.187s] Level 1:colcon.colcon_core.environment:checking '/home/me597/ME597/lab_1/75/install/task_1/lib/python3.10/site-packages'
[2.187s] Level 1:colcon.colcon_core.shell:create_environment_hook('task_1', 'pythonpath')
[2.187s] INFO:colcon.colcon_core.shell:Creating environment hook '/home/me597/ME597/lab_1/75/install/task_1/share/task_1/hook/pythonpath.ps1'
[2.187s] INFO:colcon.colcon_core.shell:Creating environment descriptor '/home/me597/ME597/lab_1/75/install/task_1/share/task_1/hook/pythonpath.dsv'
[2.188s] INFO:colcon.colcon_core.shell:Creating environment hook '/home/me597/ME597/lab_1/75/install/task_1/share/task_1/hook/pythonpath.sh'
[2.188s] Level 1:colcon.colcon_core.environment:checking '/home/me597/ME597/lab_1/75/install/task_1/bin'
[2.188s] Level 1:colcon.colcon_core.environment:create_environment_scripts_only(task_1)
[2.189s] INFO:colcon.colcon_core.shell:Creating package script '/home/me597/ME597/lab_1/75/install/task_1/share/task_1/package.ps1'
[2.190s] INFO:colcon.colcon_core.shell:Creating package descriptor '/home/me597/ME597/lab_1/75/install/task_1/share/task_1/package.dsv'
[2.191s] INFO:colcon.colcon_core.shell:Creating package script '/home/me597/ME597/lab_1/75/install/task_1/share/task_1/package.sh'
[2.192s] INFO:colcon.colcon_core.shell:Creating package script '/home/me597/ME597/lab_1/75/install/task_1/share/task_1/package.bash'
[2.193s] INFO:colcon.colcon_core.shell:Creating package script '/home/me597/ME597/lab_1/75/install/task_1/share/task_1/package.zsh'
[2.194s] Level 1:colcon.colcon_core.environment:create_file_with_runtime_dependencies(/home/me597/ME597/lab_1/75/install/task_1/share/colcon-core/packages/task_1)
[2.197s] Level 1:colcon.colcon_core.environment:checking '/home/me597/ME597/lab_1/75/install/task_2' for CMake module files
[2.198s] DEBUG:colcon.colcon_core.event_handler.log_command:Invoked command in '/home/me597/ME597/lab_1/75/task_2' returned '0': PYTHONPATH=/home/me597/ME597/lab_1/75/build/task_2/prefix_override:/usr/lib/python3/dist-packages/colcon_core/task/python/colcon_distutils_commands:/home/me597/ME597/lab_1/75/install/task_2/lib/python3.10/site-packages:${PYTHONPATH} /usr/bin/python3 -W ignore:setup.py install is deprecated -W ignore:easy_install command is deprecated setup.py egg_info --egg-base ../build/task_2 build --build-base /home/me597/ME597/lab_1/75/build/task_2/build install --record /home/me597/ME597/lab_1/75/build/task_2/install.log --install-scripts $base/lib/task_2 --single-version-externally-managed install_data
[2.198s] Level 1:colcon.colcon_core.environment:checking '/home/me597/ME597/lab_1/75/install/task_2' for CMake config files
[2.199s] Level 1:colcon.colcon_core.environment:checking '/home/me597/ME597/lab_1/75/install/task_2/lib'
[2.199s] Level 1:colcon.colcon_core.environment:checking '/home/me597/ME597/lab_1/75/install/task_2/bin'
[2.199s] Level 1:colcon.colcon_core.environment:checking '/home/me597/ME597/lab_1/75/install/task_2/lib/pkgconfig/task_2.pc'
[2.199s] Level 1:colcon.colcon_core.environment:checking '/home/me597/ME597/lab_1/75/install/task_2/lib/python3.10/site-packages'
[2.199s] Level 1:colcon.colcon_core.shell:create_environment_hook('task_2', 'pythonpath')
[2.199s] INFO:colcon.colcon_core.shell:Creating environment hook '/home/me597/ME597/lab_1/75/install/task_2/share/task_2/hook/pythonpath.ps1'
[2.200s] INFO:colcon.colcon_core.shell:Creating environment descriptor '/home/me597/ME597/lab_1/75/install/task_2/share/task_2/hook/pythonpath.dsv'
[2.200s] INFO:colcon.colcon_core.shell:Creating environment hook '/home/me597/ME597/lab_1/75/install/task_2/share/task_2/hook/pythonpath.sh'
[2.201s] Level 1:colcon.colcon_core.environment:checking '/home/me597/ME597/lab_1/75/install/task_2/bin'
[2.201s] Level 1:colcon.colcon_core.environment:create_environment_scripts_only(task_2)
[2.202s] INFO:colcon.colcon_core.shell:Creating package script '/home/me597/ME597/lab_1/75/install/task_2/share/task_2/package.ps1'
[2.202s] INFO:colcon.colcon_core.shell:Creating package descriptor '/home/me597/ME597/lab_1/75/install/task_2/share/task_2/package.dsv'
[2.203s] INFO:colcon.colcon_core.shell:Creating package script '/home/me597/ME597/lab_1/75/install/task_2/share/task_2/package.sh'
[2.203s] INFO:colcon.colcon_core.shell:Creating package script '/home/me597/ME597/lab_1/75/install/task_2/share/task_2/package.bash'
[2.204s] INFO:colcon.colcon_core.shell:Creating package script '/home/me597/ME597/lab_1/75/install/task_2/share/task_2/package.zsh'
[2.204s] Level 1:colcon.colcon_core.environment:create_file_with_runtime_dependencies(/home/me597/ME597/lab_1/75/install/task_2/share/colcon-core/packages/task_2)
[2.205s] DEBUG:colcon.colcon_parallel_executor.executor.parallel:closing loop
[2.205s] DEBUG:colcon.colcon_parallel_executor.executor.parallel:loop closed
[2.205s] DEBUG:colcon.colcon_parallel_executor.executor.parallel:run_until_complete finished with '0'
[2.205s] DEBUG:colcon.colcon_core.event_reactor:joining thread
[2.212s] INFO:colcon.colcon_core.plugin_system:Skipping extension 'colcon_notification.desktop_notification.terminal_notifier': Not used on non-Darwin systems
[2.212s] INFO:colcon.colcon_core.plugin_system:Skipping extension 'colcon_notification.desktop_notification.win32': Not used on non-Windows systems
[2.212s] INFO:colcon.colcon_notification.desktop_notification:Sending desktop notification using 'notify2'
[2.238s] DEBUG:colcon.colcon_core.event_reactor:joined thread
[2.238s] INFO:colcon.colcon_core.shell:Creating prefix script '/home/me597/ME597/lab_1/75/install/local_setup.ps1'
[2.239s] INFO:colcon.colcon_core.shell:Creating prefix util module '/home/me597/ME597/lab_1/75/install/_local_setup_util_ps1.py'
[2.241s] INFO:colcon.colcon_core.shell:Creating prefix chain script '/home/me597/ME597/lab_1/75/install/setup.ps1'
[2.242s] INFO:colcon.colcon_core.shell:Creating prefix script '/home/me597/ME597/lab_1/75/install/local_setup.sh'
[2.243s] INFO:colcon.colcon_core.shell:Creating prefix util module '/home/me597/ME597/lab_1/75/install/_local_setup_util_sh.py'
[2.244s] INFO:colcon.colcon_core.shell:Creating prefix chain script '/home/me597/ME597/lab_1/75/install/setup.sh'
[2.246s] INFO:colcon.colcon_core.shell:Creating prefix script '/home/me597/ME597/lab_1/75/install/local_setup.bash'
[2.246s] INFO:colcon.colcon_core.shell:Creating prefix chain script '/home/me597/ME597/lab_1/75/install/setup.bash'
[2.247s] INFO:colcon.colcon_core.shell:Creating prefix script '/home/me597/ME597/lab_1/75/install/local_setup.zsh'
[2.248s] INFO:colcon.colcon_core.shell:Creating prefix chain script '/home/me597/ME597/lab_1/75/install/setup.zsh'
