[0.059s] DEBUG:colcon:Command line arguments: ['/usr/bin/colcon', 'build']
[0.059s] DEBUG:colcon:Parsed command line arguments: Namespace(log_base=None, log_level=None, verb_name='build', build_base='build', install_base='install', merge_install=False, symlink_install=False, test_result_base=None, continue_on_error=False, executor='parallel', parallel_workers=2, event_handlers=None, ignore_user_meta=False, metas=['./colcon.meta'], base_paths=['.'], packages_ignore=None, packages_ignore_regex=None, paths=None, packages_up_to=None, packages_up_to_regex=None, packages_above=None, packages_above_and_dependencies=None, packages_above_depth=None, packages_select_by_dep=None, packages_skip_by_dep=None, packages_skip_up_to=None, packages_select_build_failed=False, packages_skip_build_finished=False, packages_select_test_failures=False, packages_skip_test_passed=False, packages_select=None, packages_skip=None, packages_select_regex=None, packages_skip_regex=None, packages_start=None, packages_end=None, allow_overriding=[], cmake_args=None, cmake_target=None, cmake_target_skip_unavailable=False, cmake_clean_cache=False, cmake_clean_first=False, cmake_force_configure=False, ament_cmake_args=None, catkin_cmake_args=None, catkin_skip_building_tests=False, mixin_files=None, mixin=None, verb_parser=<colcon_mixin.mixin.mixin_argument.MixinArgumentDecorator object at 0x7325e4051990>, verb_extension=<colcon_core.verb.build.BuildVerb object at 0x7325e40513f0>, main=<bound method BuildVerb.main of <colcon_core.verb.build.BuildVerb object at 0x7325e40513f0>>, mixin_verb=('build',))
[0.140s] Level 1:colcon.colcon_core.package_discovery:discover_packages(colcon_meta) check parameters
[0.140s] Level 1:colcon.colcon_core.package_discovery:discover_packages(recursive) check parameters
[0.140s] Level 1:colcon.colcon_core.package_discovery:discover_packages(ignore) check parameters
[0.140s] Level 1:colcon.colcon_core.package_discovery:discover_packages(path) check parameters
[0.140s] Level 1:colcon.colcon_core.package_discovery:discover_packages(colcon_meta) discover
[0.140s] Level 1:colcon.colcon_core.package_discovery:discover_packages(recursive) discover
[0.140s] INFO:colcon.colcon_core.package_discovery:Crawling recursively for packages in '/home/me597/ME597/lab_1/75'
[0.140s] Level 1:colcon.colcon_core.package_identification:_identify(.) by extensions ['ignore', 'ignore_ament_install']
[0.140s] Level 1:colcon.colcon_core.package_identification:_identify(.) by extension 'ignore'
[0.140s] Level 1:colcon.colcon_core.package_identification:_identify(.) by extension 'ignore_ament_install'
[0.140s] Level 1:colcon.colcon_core.package_identification:_identify(.) by extensions ['colcon_pkg']
[0.140s] Level 1:colcon.colcon_core.package_identification:_identify(.) by extension 'colcon_pkg'
[0.140s] Level 1:colcon.colcon_core.package_identification:_identify(.) by extensions ['colcon_meta']
[0.140s] Level 1:colcon.colcon_core.package_identification:_identify(.) by extension 'colcon_meta'
[0.140s] Level 1:colcon.colcon_core.package_identification:_identify(.) by extensions ['ros']
[0.140s] Level 1:colcon.colcon_core.package_identification:_identify(.) by extension 'ros'
[0.147s] Level 1:colcon.colcon_core.package_identification:_identify(.) by extensions ['cmake', 'python']
[0.147s] Level 1:colcon.colcon_core.package_identification:_identify(.) by extension 'cmake'
[0.147s] Level 1:colcon.colcon_core.package_identification:_identify(.) by extension 'python'
[0.147s] Level 1:colcon.colcon_core.package_identification:_identify(.) by extensions ['python_setup_py']
[0.147s] Level 1:colcon.colcon_core.package_identification:_identify(.) by extension 'python_setup_py'
[0.147s] Level 1:colcon.colcon_core.package_identification:_identify(build) by extensions ['ignore', 'ignore_ament_install']
[0.147s] Level 1:colcon.colcon_core.package_identification:_identify(build) by extension 'ignore'
[0.147s] Level 1:colcon.colcon_core.package_identification:_identify(build) ignored
[0.147s] Level 1:colcon.colcon_core.package_identification:_identify(install) by extensions ['ignore', 'ignore_ament_install']
[0.147s] Level 1:colcon.colcon_core.package_identification:_identify(install) by extension 'ignore'
[0.147s] Level 1:colcon.colcon_core.package_identification:_identify(install) ignored
[0.147s] Level 1:colcon.colcon_core.package_identification:_identify(log) by extensions ['ignore', 'ignore_ament_install']
[0.147s] Level 1:colcon.colcon_core.package_identification:_identify(log) by extension 'ignore'
[0.147s] Level 1:colcon.colcon_core.package_identification:_identify(log) ignored
[0.147s] Level 1:colcon.colcon_core.package_identification:_identify(task_1) by extensions ['ignore', 'ignore_ament_install']
[0.147s] Level 1:colcon.colcon_core.package_identification:_identify(task_1) by extension 'ignore'
[0.147s] Level 1:colcon.colcon_core.package_identification:_identify(task_1) by extension 'ignore_ament_install'
[0.147s] Level 1:colcon.colcon_core.package_identification:_identify(task_1) by extensions ['colcon_pkg']
[0.147s] Level 1:colcon.colcon_core.package_identification:_identify(task_1) by extension 'colcon_pkg'
[0.147s] Level 1:colcon.colcon_core.package_identification:_identify(task_1) by extensions ['colcon_meta']
[0.147s] Level 1:colcon.colcon_core.package_identification:_identify(task_1) by extension 'colcon_meta'
[0.147s] Level 1:colcon.colcon_core.package_identification:_identify(task_1) by extensions ['ros']
[0.147s] Level 1:colcon.colcon_core.package_identification:_identify(task_1) by extension 'ros'
[0.148s] DEBUG:colcon.colcon_core.package_identification:Package 'task_1' with type 'ros.ament_python' and name 'task_1'
[0.148s] Level 1:colcon.colcon_core.package_identification:_identify(task_2) by extensions ['ignore', 'ignore_ament_install']
[0.149s] Level 1:colcon.colcon_core.package_identification:_identify(task_2) by extension 'ignore'
[0.149s] Level 1:colcon.colcon_core.package_identification:_identify(task_2) by extension 'ignore_ament_install'
[0.149s] Level 1:colcon.colcon_core.package_identification:_identify(task_2) by extensions ['colcon_pkg']
[0.149s] Level 1:colcon.colcon_core.package_identification:_identify(task_2) by extension 'colcon_pkg'
[0.149s] Level 1:colcon.colcon_core.package_identification:_identify(task_2) by extensions ['colcon_meta']
[0.149s] Level 1:colcon.colcon_core.package_identification:_identify(task_2) by extension 'colcon_meta'
[0.149s] Level 1:colcon.colcon_core.package_identification:_identify(task_2) by extensions ['ros']
[0.149s] Level 1:colcon.colcon_core.package_identification:_identify(task_2) by extension 'ros'
[0.149s] DEBUG:colcon.colcon_core.package_identification:Package 'task_2' with type 'ros.ament_python' and name 'task_2'
[0.149s] Level 1:colcon.colcon_core.package_discovery:discover_packages(recursive) using defaults
[0.149s] Level 1:colcon.colcon_core.package_discovery:discover_packages(ignore) discover
[0.149s] Level 1:colcon.colcon_core.package_discovery:discover_packages(ignore) using defaults
[0.149s] Level 1:colcon.colcon_core.package_discovery:discover_packages(path) discover
[0.149s] Level 1:colcon.colcon_core.package_discovery:discover_packages(path) using defaults
[0.169s] Level 1:colcon.colcon_core.package_discovery:discover_packages(prefix_path) check parameters
[0.169s] Level 1:colcon.colcon_core.package_discovery:discover_packages(prefix_path) discover
[0.170s] DEBUG:colcon.colcon_installed_package_information.package_discovery:Found 1 installed packages in /home/me597/ME597/lab_1/75/install
[0.171s] DEBUG:colcon.colcon_installed_package_information.package_discovery:Found 325 installed packages in /opt/ros/humble
[0.172s] Level 1:colcon.colcon_core.package_discovery:discover_packages(prefix_path) using defaults
[0.194s] Level 5:colcon.colcon_core.verb:set package 'task_1' build argument 'cmake_args' from command line to 'None'
[0.194s] Level 5:colcon.colcon_core.verb:set package 'task_1' build argument 'cmake_target' from command line to 'None'
[0.194s] Level 5:colcon.colcon_core.verb:set package 'task_1' build argument 'cmake_target_skip_unavailable' from command line to 'False'
[0.194s] Level 5:colcon.colcon_core.verb:set package 'task_1' build argument 'cmake_clean_cache' from command line to 'False'
[0.194s] Level 5:colcon.colcon_core.verb:set package 'task_1' build argument 'cmake_clean_first' from command line to 'False'
[0.194s] Level 5:colcon.colcon_core.verb:set package 'task_1' build argument 'cmake_force_configure' from command line to 'False'
[0.194s] Level 5:colcon.colcon_core.verb:set package 'task_1' build argument 'ament_cmake_args' from command line to 'None'
[0.194s] Level 5:colcon.colcon_core.verb:set package 'task_1' build argument 'catkin_cmake_args' from command line to 'None'
[0.194s] Level 5:colcon.colcon_core.verb:set package 'task_1' build argument 'catkin_skip_building_tests' from command line to 'False'
[0.194s] DEBUG:colcon.colcon_core.verb:Building package 'task_1' with the following arguments: {'ament_cmake_args': None, 'build_base': '/home/me597/ME597/lab_1/75/build/task_1', 'catkin_cmake_args': None, 'catkin_skip_building_tests': False, 'cmake_args': None, 'cmake_clean_cache': False, 'cmake_clean_first': False, 'cmake_force_configure': False, 'cmake_target': None, 'cmake_target_skip_unavailable': False, 'install_base': '/home/me597/ME597/lab_1/75/install/task_1', 'merge_install': False, 'path': '/home/me597/ME597/lab_1/75/task_1', 'symlink_install': False, 'test_result_base': None}
[0.194s] Level 5:colcon.colcon_core.verb:set package 'task_2' build argument 'cmake_args' from command line to 'None'
[0.194s] Level 5:colcon.colcon_core.verb:set package 'task_2' build argument 'cmake_target' from command line to 'None'
[0.194s] Level 5:colcon.colcon_core.verb:set package 'task_2' build argument 'cmake_target_skip_unavailable' from command line to 'False'
[0.194s] Level 5:colcon.colcon_core.verb:set package 'task_2' build argument 'cmake_clean_cache' from command line to 'False'
[0.194s] Level 5:colcon.colcon_core.verb:set package 'task_2' build argument 'cmake_clean_first' from command line to 'False'
[0.194s] Level 5:colcon.colcon_core.verb:set package 'task_2' build argument 'cmake_force_configure' from command line to 'False'
[0.194s] Level 5:colcon.colcon_core.verb:set package 'task_2' build argument 'ament_cmake_args' from command line to 'None'
[0.194s] Level 5:colcon.colcon_core.verb:set package 'task_2' build argument 'catkin_cmake_args' from command line to 'None'
[0.194s] Level 5:colcon.colcon_core.verb:set package 'task_2' build argument 'catkin_skip_building_tests' from command line to 'False'
[0.194s] DEBUG:colcon.colcon_core.verb:Building package 'task_2' with the following arguments: {'ament_cmake_args': None, 'build_base': '/home/me597/ME597/lab_1/75/build/task_2', 'catkin_cmake_args': None, 'catkin_skip_building_tests': False, 'cmake_args': None, 'cmake_clean_cache': False, 'cmake_clean_first': False, 'cmake_force_configure': False, 'cmake_target': None, 'cmake_target_skip_unavailable': False, 'install_base': '/home/me597/ME597/lab_1/75/install/task_2', 'merge_install': False, 'path': '/home/me597/ME597/lab_1/75/task_2', 'symlink_install': False, 'test_result_base': None}
[0.194s] INFO:colcon.colcon_core.executor:Executing jobs using 'parallel' executor
[0.195s] DEBUG:colcon.colcon_parallel_executor.executor.parallel:run_until_complete
[0.196s] INFO:colcon.colcon_ros.task.ament_python.build:Building ROS package in '/home/me597/ME597/lab_1/75/task_1' with build type 'ament_python'
[0.196s] Level 1:colcon.colcon_core.shell:create_environment_hook('task_1', 'ament_prefix_path')
[0.197s] INFO:colcon.colcon_core.plugin_system:Skipping extension 'colcon_core.shell.bat': Not used on non-Windows systems
[0.197s] INFO:colcon.colcon_core.shell:Creating environment hook '/home/me597/ME597/lab_1/75/install/task_1/share/task_1/hook/ament_prefix_path.ps1'
[0.198s] INFO:colcon.colcon_core.shell:Creating environment descriptor '/home/me597/ME597/lab_1/75/install/task_1/share/task_1/hook/ament_prefix_path.dsv'
[0.198s] INFO:colcon.colcon_core.shell:Creating environment hook '/home/me597/ME597/lab_1/75/install/task_1/share/task_1/hook/ament_prefix_path.sh'
[0.199s] INFO:colcon.colcon_core.shell:Skip shell extension 'powershell' for command environment: Not usable outside of PowerShell
[0.199s] DEBUG:colcon.colcon_core.shell:Skip shell extension 'dsv' for command environment
[0.202s] INFO:colcon.colcon_ros.task.ament_python.build:Building ROS package in '/home/me597/ME597/lab_1/75/task_2' with build type 'ament_python'
[0.202s] Level 1:colcon.colcon_core.shell:create_environment_hook('task_2', 'ament_prefix_path')
[0.203s] INFO:colcon.colcon_core.shell:Creating environment hook '/home/me597/ME597/lab_1/75/install/task_2/share/task_2/hook/ament_prefix_path.ps1'
[0.204s] INFO:colcon.colcon_core.shell:Creating environment descriptor '/home/me597/ME597/lab_1/75/install/task_2/share/task_2/hook/ament_prefix_path.dsv'
[0.204s] INFO:colcon.colcon_core.shell:Creating environment hook '/home/me597/ME597/lab_1/75/install/task_2/share/task_2/hook/ament_prefix_path.sh'
[0.205s] INFO:colcon.colcon_core.shell:Skip shell extension 'powershell' for command environment: Not usable outside of PowerShell
[0.205s] DEBUG:colcon.colcon_core.shell:Skip shell extension 'dsv' for command environment
[0.375s] INFO:colcon.colcon_core.task.python.build:Building Python package in '/home/me597/ME597/lab_1/75/task_1'
[0.376s] INFO:colcon.colcon_core.shell:Skip shell extension 'powershell' for command environment: Not usable outside of PowerShell
[0.376s] DEBUG:colcon.colcon_core.shell:Skip shell extension 'dsv' for command environment
[0.517s] INFO:colcon.colcon_core.task.python.build:Building Python package in '/home/me597/ME597/lab_1/75/task_2'
[0.518s] INFO:colcon.colcon_core.shell:Skip shell extension 'powershell' for command environment: Not usable outside of PowerShell
[0.518s] DEBUG:colcon.colcon_core.shell:Skip shell extension 'dsv' for command environment
[0.740s] DEBUG:colcon.colcon_core.task.python.build:Available setuptools commands: bdist_rpm, rotate, bdist_egg, build, upload, dist_info, saveopts, test, build_clib, install, install_scripts, bdist, install_data, easy_install, build_scripts, install_headers, sdist, check, build_ext, install_lib, alias, egg_info, develop, install_egg_info, upload_docs, bdist_wheel, symlink_data, bdist_dumb, setopt, register, clean, build_py
[0.745s] DEBUG:colcon.colcon_core.event_handler.log_command:Invoking command in '/home/me597/ME597/lab_1/75/task_2': PYTHONPATH=/home/me597/ME597/lab_1/75/build/task_2/prefix_override:/usr/lib/python3/dist-packages/colcon_core/task/python/colcon_distutils_commands:/home/me597/ME597/lab_1/75/install/task_2/lib/python3.10/site-packages:${PYTHONPATH} /usr/bin/python3 -W ignore:setup.py install is deprecated -W ignore:easy_install command is deprecated setup.py egg_info --egg-base ../build/task_2 build --build-base /home/me597/ME597/lab_1/75/build/task_2/build install --record /home/me597/ME597/lab_1/75/build/task_2/install.log --install-scripts $base/lib/task_2 --single-version-externally-managed install_data
[0.813s] DEBUG:colcon.colcon_core.task.python.build:Available setuptools commands: bdist_rpm, rotate, bdist_egg, build, upload, dist_info, saveopts, test, build_clib, install, install_scripts, bdist, install_data, easy_install, build_scripts, install_headers, sdist, check, build_ext, install_lib, alias, egg_info, develop, install_egg_info, upload_docs, bdist_wheel, symlink_data, bdist_dumb, setopt, register, clean, build_py
[0.818s] DEBUG:colcon.colcon_core.event_handler.log_command:Invoking command in '/home/me597/ME597/lab_1/75/task_1': PYTHONPATH=/home/me597/ME597/lab_1/75/build/task_1/prefix_override:/usr/lib/python3/dist-packages/colcon_core/task/python/colcon_distutils_commands:/home/me597/ME597/lab_1/75/install/task_1/lib/python3.10/site-packages:${PYTHONPATH} /usr/bin/python3 -W ignore:setup.py install is deprecated -W ignore:easy_install command is deprecated setup.py egg_info --egg-base ../build/task_1 build --build-base /home/me597/ME597/lab_1/75/build/task_1/build install --record /home/me597/ME597/lab_1/75/build/task_1/install.log --install-scripts $base/lib/task_1 --single-version-externally-managed install_data
[0.931s] DEBUG:colcon.colcon_core.event_handler.log_command:Invoked command in '/home/me597/ME597/lab_1/75/task_2' returned '0': PYTHONPATH=/home/me597/ME597/lab_1/75/build/task_2/prefix_override:/usr/lib/python3/dist-packages/colcon_core/task/python/colcon_distutils_commands:/home/me597/ME597/lab_1/75/install/task_2/lib/python3.10/site-packages:${PYTHONPATH} /usr/bin/python3 -W ignore:setup.py install is deprecated -W ignore:easy_install command is deprecated setup.py egg_info --egg-base ../build/task_2 build --build-base /home/me597/ME597/lab_1/75/build/task_2/build install --record /home/me597/ME597/lab_1/75/build/task_2/install.log --install-scripts $base/lib/task_2 --single-version-externally-managed install_data
[0.933s] Level 1:colcon.colcon_core.environment:checking '/home/me597/ME597/lab_1/75/install/task_2' for CMake module files
[0.933s] Level 1:colcon.colcon_core.environment:checking '/home/me597/ME597/lab_1/75/install/task_2' for CMake config files
[0.934s] Level 1:colcon.colcon_core.environment:checking '/home/me597/ME597/lab_1/75/install/task_2/lib'
[0.934s] Level 1:colcon.colcon_core.environment:checking '/home/me597/ME597/lab_1/75/install/task_2/bin'
[0.934s] Level 1:colcon.colcon_core.environment:checking '/home/me597/ME597/lab_1/75/install/task_2/lib/pkgconfig/task_2.pc'
[0.934s] Level 1:colcon.colcon_core.environment:checking '/home/me597/ME597/lab_1/75/install/task_2/lib/python3.10/site-packages'
[0.934s] Level 1:colcon.colcon_core.shell:create_environment_hook('task_2', 'pythonpath')
[0.934s] INFO:colcon.colcon_core.shell:Creating environment hook '/home/me597/ME597/lab_1/75/install/task_2/share/task_2/hook/pythonpath.ps1'
[0.935s] INFO:colcon.colcon_core.shell:Creating environment descriptor '/home/me597/ME597/lab_1/75/install/task_2/share/task_2/hook/pythonpath.dsv'
[0.935s] INFO:colcon.colcon_core.shell:Creating environment hook '/home/me597/ME597/lab_1/75/install/task_2/share/task_2/hook/pythonpath.sh'
[0.936s] Level 1:colcon.colcon_core.environment:checking '/home/me597/ME597/lab_1/75/install/task_2/bin'
[0.936s] Level 1:colcon.colcon_core.environment:create_environment_scripts_only(task_2)
[0.936s] INFO:colcon.colcon_core.shell:Creating package script '/home/me597/ME597/lab_1/75/install/task_2/share/task_2/package.ps1'
[0.937s] INFO:colcon.colcon_core.shell:Creating package descriptor '/home/me597/ME597/lab_1/75/install/task_2/share/task_2/package.dsv'
[0.938s] INFO:colcon.colcon_core.shell:Creating package script '/home/me597/ME597/lab_1/75/install/task_2/share/task_2/package.sh'
[0.938s] INFO:colcon.colcon_core.shell:Creating package script '/home/me597/ME597/lab_1/75/install/task_2/share/task_2/package.bash'
[0.939s] INFO:colcon.colcon_core.shell:Creating package script '/home/me597/ME597/lab_1/75/install/task_2/share/task_2/package.zsh'
[0.939s] Level 1:colcon.colcon_core.environment:create_file_with_runtime_dependencies(/home/me597/ME597/lab_1/75/install/task_2/share/colcon-core/packages/task_2)
[1.023s] Level 1:colcon.colcon_core.environment:checking '/home/me597/ME597/lab_1/75/install/task_1' for CMake module files
[1.023s] DEBUG:colcon.colcon_core.event_handler.log_command:Invoked command in '/home/me597/ME597/lab_1/75/task_1' returned '0': PYTHONPATH=/home/me597/ME597/lab_1/75/build/task_1/prefix_override:/usr/lib/python3/dist-packages/colcon_core/task/python/colcon_distutils_commands:/home/me597/ME597/lab_1/75/install/task_1/lib/python3.10/site-packages:${PYTHONPATH} /usr/bin/python3 -W ignore:setup.py install is deprecated -W ignore:easy_install command is deprecated setup.py egg_info --egg-base ../build/task_1 build --build-base /home/me597/ME597/lab_1/75/build/task_1/build install --record /home/me597/ME597/lab_1/75/build/task_1/install.log --install-scripts $base/lib/task_1 --single-version-externally-managed install_data
[1.023s] Level 1:colcon.colcon_core.environment:checking '/home/me597/ME597/lab_1/75/install/task_1' for CMake config files
[1.024s] Level 1:colcon.colcon_core.environment:checking '/home/me597/ME597/lab_1/75/install/task_1/lib'
[1.024s] Level 1:colcon.colcon_core.environment:checking '/home/me597/ME597/lab_1/75/install/task_1/bin'
[1.024s] Level 1:colcon.colcon_core.environment:checking '/home/me597/ME597/lab_1/75/install/task_1/lib/pkgconfig/task_1.pc'
[1.024s] Level 1:colcon.colcon_core.environment:checking '/home/me597/ME597/lab_1/75/install/task_1/lib/python3.10/site-packages'
[1.024s] Level 1:colcon.colcon_core.shell:create_environment_hook('task_1', 'pythonpath')
[1.024s] INFO:colcon.colcon_core.shell:Creating environment hook '/home/me597/ME597/lab_1/75/install/task_1/share/task_1/hook/pythonpath.ps1'
[1.025s] INFO:colcon.colcon_core.shell:Creating environment descriptor '/home/me597/ME597/lab_1/75/install/task_1/share/task_1/hook/pythonpath.dsv'
[1.025s] INFO:colcon.colcon_core.shell:Creating environment hook '/home/me597/ME597/lab_1/75/install/task_1/share/task_1/hook/pythonpath.sh'
[1.026s] Level 1:colcon.colcon_core.environment:checking '/home/me597/ME597/lab_1/75/install/task_1/bin'
[1.026s] Level 1:colcon.colcon_core.environment:create_environment_scripts_only(task_1)
[1.026s] INFO:colcon.colcon_core.shell:Creating package script '/home/me597/ME597/lab_1/75/install/task_1/share/task_1/package.ps1'
[1.027s] INFO:colcon.colcon_core.shell:Creating package descriptor '/home/me597/ME597/lab_1/75/install/task_1/share/task_1/package.dsv'
[1.027s] INFO:colcon.colcon_core.shell:Creating package script '/home/me597/ME597/lab_1/75/install/task_1/share/task_1/package.sh'
[1.028s] INFO:colcon.colcon_core.shell:Creating package script '/home/me597/ME597/lab_1/75/install/task_1/share/task_1/package.bash'
[1.029s] INFO:colcon.colcon_core.shell:Creating package script '/home/me597/ME597/lab_1/75/install/task_1/share/task_1/package.zsh'
[1.029s] Level 1:colcon.colcon_core.environment:create_file_with_runtime_dependencies(/home/me597/ME597/lab_1/75/install/task_1/share/colcon-core/packages/task_1)
[1.029s] DEBUG:colcon.colcon_parallel_executor.executor.parallel:closing loop
[1.029s] DEBUG:colcon.colcon_parallel_executor.executor.parallel:loop closed
[1.029s] DEBUG:colcon.colcon_parallel_executor.executor.parallel:run_until_complete finished with '0'
[1.029s] DEBUG:colcon.colcon_core.event_reactor:joining thread
[1.033s] INFO:colcon.colcon_core.plugin_system:Skipping extension 'colcon_notification.desktop_notification.terminal_notifier': Not used on non-Darwin systems
[1.033s] INFO:colcon.colcon_core.plugin_system:Skipping extension 'colcon_notification.desktop_notification.win32': Not used on non-Windows systems
[1.033s] INFO:colcon.colcon_notification.desktop_notification:Sending desktop notification using 'notify2'
[1.045s] DEBUG:colcon.colcon_core.event_reactor:joined thread
[1.045s] INFO:colcon.colcon_core.shell:Creating prefix script '/home/me597/ME597/lab_1/75/install/local_setup.ps1'
[1.046s] INFO:colcon.colcon_core.shell:Creating prefix util module '/home/me597/ME597/lab_1/75/install/_local_setup_util_ps1.py'
[1.047s] INFO:colcon.colcon_core.shell:Creating prefix chain script '/home/me597/ME597/lab_1/75/install/setup.ps1'
[1.048s] INFO:colcon.colcon_core.shell:Creating prefix script '/home/me597/ME597/lab_1/75/install/local_setup.sh'
[1.048s] INFO:colcon.colcon_core.shell:Creating prefix util module '/home/me597/ME597/lab_1/75/install/_local_setup_util_sh.py'
[1.049s] INFO:colcon.colcon_core.shell:Creating prefix chain script '/home/me597/ME597/lab_1/75/install/setup.sh'
[1.050s] INFO:colcon.colcon_core.shell:Creating prefix script '/home/me597/ME597/lab_1/75/install/local_setup.bash'
[1.050s] INFO:colcon.colcon_core.shell:Creating prefix chain script '/home/me597/ME597/lab_1/75/install/setup.bash'
[1.051s] INFO:colcon.colcon_core.shell:Creating prefix script '/home/me597/ME597/lab_1/75/install/local_setup.zsh'
[1.051s] INFO:colcon.colcon_core.shell:Creating prefix chain script '/home/me597/ME597/lab_1/75/install/setup.zsh'
